validate	Set up job	﻿2026-01-03T08:25:10.9000930Z Current runner version: '2.330.0'
validate	Set up job	2026-01-03T08:25:10.9024055Z ##[group]Runner Image Provisioner
validate	Set up job	2026-01-03T08:25:10.9024897Z Hosted Compute Agent
validate	Set up job	2026-01-03T08:25:10.9025409Z Version: 20251211.462
validate	Set up job	2026-01-03T08:25:10.9025927Z Commit: 6cbad8c2bb55d58165063d031ccabf57e2d2db61
validate	Set up job	2026-01-03T08:25:10.9026618Z Build Date: 2025-12-11T16:28:49Z
validate	Set up job	2026-01-03T08:25:10.9027193Z Worker ID: {a9f4bf12-a4da-4af2-af57-054eb0b3f456}
validate	Set up job	2026-01-03T08:25:10.9027886Z ##[endgroup]
validate	Set up job	2026-01-03T08:25:10.9028621Z ##[group]Operating System
validate	Set up job	2026-01-03T08:25:10.9029156Z Ubuntu
validate	Set up job	2026-01-03T08:25:10.9029569Z 24.04.3
validate	Set up job	2026-01-03T08:25:10.9030012Z LTS
validate	Set up job	2026-01-03T08:25:10.9030404Z ##[endgroup]
validate	Set up job	2026-01-03T08:25:10.9030889Z ##[group]Runner Image
validate	Set up job	2026-01-03T08:25:10.9031414Z Image: ubuntu-24.04
validate	Set up job	2026-01-03T08:25:10.9031859Z Version: 20251215.174.1
validate	Set up job	2026-01-03T08:25:10.9032777Z Included Software: https://github.com/actions/runner-images/blob/ubuntu24/20251215.174/images/ubuntu/Ubuntu2404-Readme.md
validate	Set up job	2026-01-03T08:25:10.9034005Z Image Release: https://github.com/actions/runner-images/releases/tag/ubuntu24%2F20251215.174
validate	Set up job	2026-01-03T08:25:10.9035067Z ##[endgroup]
validate	Set up job	2026-01-03T08:25:10.9036060Z ##[group]GITHUB_TOKEN Permissions
validate	Set up job	2026-01-03T08:25:10.9037878Z Contents: read
validate	Set up job	2026-01-03T08:25:10.9038729Z Metadata: read
validate	Set up job	2026-01-03T08:25:10.9039177Z Packages: read
validate	Set up job	2026-01-03T08:25:10.9039666Z ##[endgroup]
validate	Set up job	2026-01-03T08:25:10.9041847Z Secret source: Actions
validate	Set up job	2026-01-03T08:25:10.9042567Z Prepare workflow directory
validate	Set up job	2026-01-03T08:25:10.9351246Z Prepare all required actions
validate	Set up job	2026-01-03T08:25:10.9405821Z Getting action download info
validate	Set up job	2026-01-03T08:25:11.3521935Z Download action repository 'actions/checkout@v4' (SHA:34e114876b0b11c390a56381ad16ebd13914f8d5)
validate	Set up job	2026-01-03T08:25:11.4286461Z Download action repository 'actions/setup-python@v4' (SHA:7f4fc3e22c37d6ff65e88745f38bd3157c663f7c)
validate	Set up job	2026-01-03T08:25:11.5806917Z Complete job name: validate
validate	Checkout	﻿2026-01-03T08:25:11.6408997Z ##[group]Run actions/checkout@v4
validate	Checkout	2026-01-03T08:25:11.6409874Z with:
validate	Checkout	2026-01-03T08:25:11.6410349Z   repository: 448482MOHAMEDibourk/mithaly
validate	Checkout	2026-01-03T08:25:11.6411181Z   token: ***
validate	Checkout	2026-01-03T08:25:11.6411569Z   ssh-strict: true
validate	Checkout	2026-01-03T08:25:11.6412036Z   ssh-user: git
validate	Checkout	2026-01-03T08:25:11.6412470Z   persist-credentials: true
validate	Checkout	2026-01-03T08:25:11.6412965Z   clean: true
validate	Checkout	2026-01-03T08:25:11.6413391Z   sparse-checkout-cone-mode: true
validate	Checkout	2026-01-03T08:25:11.6413912Z   fetch-depth: 1
validate	Checkout	2026-01-03T08:25:11.6414317Z   fetch-tags: false
validate	Checkout	2026-01-03T08:25:11.6414775Z   show-progress: true
validate	Checkout	2026-01-03T08:25:11.6415230Z   lfs: false
validate	Checkout	2026-01-03T08:25:11.6415621Z   submodules: false
validate	Checkout	2026-01-03T08:25:11.6416060Z   set-safe-directory: true
validate	Checkout	2026-01-03T08:25:11.6416721Z ##[endgroup]
validate	Checkout	2026-01-03T08:25:11.7538432Z Syncing repository: 448482MOHAMEDibourk/mithaly
validate	Checkout	2026-01-03T08:25:11.7540640Z ##[group]Getting Git version info
validate	Checkout	2026-01-03T08:25:11.7541281Z Working directory is '/home/runner/work/mithaly/mithaly'
validate	Checkout	2026-01-03T08:25:11.7542266Z [command]/usr/bin/git version
validate	Checkout	2026-01-03T08:25:11.7542699Z git version 2.52.0
validate	Checkout	2026-01-03T08:25:11.7544017Z ##[endgroup]
validate	Checkout	2026-01-03T08:25:11.7547878Z Temporarily overriding HOME='/home/runner/work/_temp/906563b7-7a5b-48b3-94d9-7cb248d4beea' before making global git config changes
validate	Checkout	2026-01-03T08:25:11.7549372Z Adding repository directory to the temporary git global config as a safe directory
validate	Checkout	2026-01-03T08:25:11.7550336Z [command]/usr/bin/git config --global --add safe.directory /home/runner/work/mithaly/mithaly
validate	Checkout	2026-01-03T08:25:11.7573144Z Deleting the contents of '/home/runner/work/mithaly/mithaly'
validate	Checkout	2026-01-03T08:25:11.7576223Z ##[group]Initializing the repository
validate	Checkout	2026-01-03T08:25:11.7580188Z [command]/usr/bin/git init /home/runner/work/mithaly/mithaly
validate	Checkout	2026-01-03T08:25:11.7661050Z hint: Using 'master' as the name for the initial branch. This default branch name
validate	Checkout	2026-01-03T08:25:11.7662533Z hint: will change to "main" in Git 3.0. To configure the initial branch name
validate	Checkout	2026-01-03T08:25:11.7663896Z hint: to use in all of your new repositories, which will suppress this warning,
validate	Checkout	2026-01-03T08:25:11.7664975Z hint: call:
validate	Checkout	2026-01-03T08:25:11.7665512Z hint:
validate	Checkout	2026-01-03T08:25:11.7665939Z hint: 	git config --global init.defaultBranch <name>
validate	Checkout	2026-01-03T08:25:11.7666453Z hint:
validate	Checkout	2026-01-03T08:25:11.7666938Z hint: Names commonly chosen instead of 'master' are 'main', 'trunk' and
validate	Checkout	2026-01-03T08:25:11.7667730Z hint: 'development'. The just-created branch can be renamed via this command:
validate	Checkout	2026-01-03T08:25:11.7668573Z hint:
validate	Checkout	2026-01-03T08:25:11.7668928Z hint: 	git branch -m <name>
validate	Checkout	2026-01-03T08:25:11.7669335Z hint:
validate	Checkout	2026-01-03T08:25:11.7669872Z hint: Disable this message with "git config set advice.defaultBranchName false"
validate	Checkout	2026-01-03T08:25:11.7670747Z Initialized empty Git repository in /home/runner/work/mithaly/mithaly/.git/
validate	Checkout	2026-01-03T08:25:11.7673896Z [command]/usr/bin/git remote add origin https://github.com/448482MOHAMEDibourk/mithaly
validate	Checkout	2026-01-03T08:25:11.7701320Z ##[endgroup]
validate	Checkout	2026-01-03T08:25:11.7702008Z ##[group]Disabling automatic garbage collection
validate	Checkout	2026-01-03T08:25:11.7704766Z [command]/usr/bin/git config --local gc.auto 0
validate	Checkout	2026-01-03T08:25:11.7727315Z ##[endgroup]
validate	Checkout	2026-01-03T08:25:11.7727957Z ##[group]Setting up auth
validate	Checkout	2026-01-03T08:25:11.7733598Z [command]/usr/bin/git config --local --name-only --get-regexp core\.sshCommand
validate	Checkout	2026-01-03T08:25:11.7757945Z [command]/usr/bin/git submodule foreach --recursive sh -c "git config --local --name-only --get-regexp 'core\.sshCommand' && git config --local --unset-all 'core.sshCommand' || :"
validate	Checkout	2026-01-03T08:25:11.8023255Z [command]/usr/bin/git config --local --name-only --get-regexp http\.https\:\/\/github\.com\/\.extraheader
validate	Checkout	2026-01-03T08:25:11.8046337Z [command]/usr/bin/git submodule foreach --recursive sh -c "git config --local --name-only --get-regexp 'http\.https\:\/\/github\.com\/\.extraheader' && git config --local --unset-all 'http.https://github.com/.extraheader' || :"
validate	Checkout	2026-01-03T08:25:11.8213826Z [command]/usr/bin/git config --local --name-only --get-regexp ^includeIf\.gitdir:
validate	Checkout	2026-01-03T08:25:11.8245190Z [command]/usr/bin/git submodule foreach --recursive git config --local --show-origin --name-only --get-regexp remote.origin.url
validate	Checkout	2026-01-03T08:25:11.8415690Z [command]/usr/bin/git config --local http.https://github.com/.extraheader AUTHORIZATION: basic ***
validate	Checkout	2026-01-03T08:25:11.8443221Z ##[endgroup]
validate	Checkout	2026-01-03T08:25:11.8444326Z ##[group]Fetching the repository
validate	Checkout	2026-01-03T08:25:11.8452321Z [command]/usr/bin/git -c protocol.version=2 fetch --no-tags --prune --no-recurse-submodules --depth=1 origin +10e6d8dc2c33062e746f1cbad8d4bfdbb937fa85:refs/remotes/pull/4/merge
validate	Checkout	2026-01-03T08:25:13.5422253Z From https://github.com/448482MOHAMEDibourk/mithaly
validate	Checkout	2026-01-03T08:25:13.5424537Z  * [new ref]         10e6d8dc2c33062e746f1cbad8d4bfdbb937fa85 -> pull/4/merge
validate	Checkout	2026-01-03T08:25:13.5446714Z ##[endgroup]
validate	Checkout	2026-01-03T08:25:13.5448590Z ##[group]Determining the checkout info
validate	Checkout	2026-01-03T08:25:13.5450096Z ##[endgroup]
validate	Checkout	2026-01-03T08:25:13.5453075Z [command]/usr/bin/git sparse-checkout disable
validate	Checkout	2026-01-03T08:25:13.5486519Z [command]/usr/bin/git config --local --unset-all extensions.worktreeConfig
validate	Checkout	2026-01-03T08:25:13.5509326Z ##[group]Checking out the ref
validate	Checkout	2026-01-03T08:25:13.5512392Z [command]/usr/bin/git checkout --progress --force refs/remotes/pull/4/merge
validate	Checkout	2026-01-03T08:25:14.0219559Z Note: switching to 'refs/remotes/pull/4/merge'.
validate	Checkout	2026-01-03T08:25:14.0220425Z 
validate	Checkout	2026-01-03T08:25:14.0220876Z You are in 'detached HEAD' state. You can look around, make experimental
validate	Checkout	2026-01-03T08:25:14.0221859Z changes and commit them, and you can discard any commits you make in this
validate	Checkout	2026-01-03T08:25:14.0222822Z state without impacting any branches by switching back to a branch.
validate	Checkout	2026-01-03T08:25:14.0223385Z 
validate	Checkout	2026-01-03T08:25:14.0223790Z If you want to create a new branch to retain commits you create, you may
validate	Checkout	2026-01-03T08:25:14.0224629Z do so (now or later) by using -c with the switch command. Example:
validate	Checkout	2026-01-03T08:25:14.0225178Z 
validate	Checkout	2026-01-03T08:25:14.0225356Z   git switch -c <new-branch-name>
validate	Checkout	2026-01-03T08:25:14.0225586Z 
validate	Checkout	2026-01-03T08:25:14.0225816Z Or undo this operation with:
validate	Checkout	2026-01-03T08:25:14.0226195Z 
validate	Checkout	2026-01-03T08:25:14.0226365Z   git switch -
validate	Checkout	2026-01-03T08:25:14.0227027Z 
validate	Checkout	2026-01-03T08:25:14.0227445Z Turn off this advice by setting config variable advice.detachedHead to false
validate	Checkout	2026-01-03T08:25:14.0228223Z 
validate	Checkout	2026-01-03T08:25:14.0228983Z HEAD is now at 10e6d8d Merge d14775aab0719b66d9bc80950e3466ceccb4191b into 6377caad5ff2182c7aae1aed4a7b3e8e65f155f3
validate	Checkout	2026-01-03T08:25:14.0234331Z ##[endgroup]
validate	Checkout	2026-01-03T08:25:14.0271289Z [command]/usr/bin/git log -1 --format=%H
validate	Checkout	2026-01-03T08:25:14.0291364Z 10e6d8dc2c33062e746f1cbad8d4bfdbb937fa85
validate	Setup Python	﻿2026-01-03T08:25:14.0500675Z ##[group]Run actions/setup-python@v4
validate	Setup Python	2026-01-03T08:25:14.0501013Z with:
validate	Setup Python	2026-01-03T08:25:14.0501236Z   python-version: 3.10
validate	Setup Python	2026-01-03T08:25:14.0501478Z   check-latest: false
validate	Setup Python	2026-01-03T08:25:14.0501864Z   token: ***
validate	Setup Python	2026-01-03T08:25:14.0502102Z   update-environment: true
validate	Setup Python	2026-01-03T08:25:14.0502372Z   allow-prereleases: false
validate	Setup Python	2026-01-03T08:25:14.0502634Z ##[endgroup]
validate	Setup Python	2026-01-03T08:25:14.2070580Z ##[group]Installed versions
validate	Setup Python	2026-01-03T08:25:14.2172822Z Successfully set up CPython (3.10.19)
validate	Setup Python	2026-01-03T08:25:14.2173836Z ##[endgroup]
validate	Upgrade pip	﻿2026-01-03T08:25:14.2277516Z ##[group]Run python -m pip install --upgrade pip
validate	Upgrade pip	2026-01-03T08:25:14.2278305Z [36;1mpython -m pip install --upgrade pip[0m
validate	Upgrade pip	2026-01-03T08:25:14.2363649Z shell: /usr/bin/bash -e {0}
validate	Upgrade pip	2026-01-03T08:25:14.2363990Z env:
validate	Upgrade pip	2026-01-03T08:25:14.2364278Z   pythonLocation: /opt/hostedtoolcache/Python/3.10.19/x64
validate	Upgrade pip	2026-01-03T08:25:14.2364721Z   PKG_CONFIG_PATH: /opt/hostedtoolcache/Python/3.10.19/x64/lib/pkgconfig
validate	Upgrade pip	2026-01-03T08:25:14.2365145Z   Python_ROOT_DIR: /opt/hostedtoolcache/Python/3.10.19/x64
validate	Upgrade pip	2026-01-03T08:25:14.2365524Z   Python2_ROOT_DIR: /opt/hostedtoolcache/Python/3.10.19/x64
validate	Upgrade pip	2026-01-03T08:25:14.2365898Z   Python3_ROOT_DIR: /opt/hostedtoolcache/Python/3.10.19/x64
validate	Upgrade pip	2026-01-03T08:25:14.2366271Z   LD_LIBRARY_PATH: /opt/hostedtoolcache/Python/3.10.19/x64/lib
validate	Upgrade pip	2026-01-03T08:25:14.2366590Z ##[endgroup]
validate	Upgrade pip	2026-01-03T08:25:16.2245360Z Requirement already satisfied: pip in /opt/hostedtoolcache/Python/3.10.19/x64/lib/python3.10/site-packages (25.3)
validate	Install dependencies if present	﻿2026-01-03T08:25:16.5270854Z ##[group]Run if [ -f requirements.txt ]; then pip install -r requirements.txt; fi
validate	Install dependencies if present	2026-01-03T08:25:16.5271388Z [36;1mif [ -f requirements.txt ]; then pip install -r requirements.txt; fi[0m
validate	Install dependencies if present	2026-01-03T08:25:16.5271726Z [36;1mpip install pytest[0m
validate	Install dependencies if present	2026-01-03T08:25:16.5293209Z shell: /usr/bin/bash -e {0}
validate	Install dependencies if present	2026-01-03T08:25:16.5293468Z env:
validate	Install dependencies if present	2026-01-03T08:25:16.5293706Z   pythonLocation: /opt/hostedtoolcache/Python/3.10.19/x64
validate	Install dependencies if present	2026-01-03T08:25:16.5294108Z   PKG_CONFIG_PATH: /opt/hostedtoolcache/Python/3.10.19/x64/lib/pkgconfig
validate	Install dependencies if present	2026-01-03T08:25:16.5294478Z   Python_ROOT_DIR: /opt/hostedtoolcache/Python/3.10.19/x64
validate	Install dependencies if present	2026-01-03T08:25:16.5294812Z   Python2_ROOT_DIR: /opt/hostedtoolcache/Python/3.10.19/x64
validate	Install dependencies if present	2026-01-03T08:25:16.5295138Z   Python3_ROOT_DIR: /opt/hostedtoolcache/Python/3.10.19/x64
validate	Install dependencies if present	2026-01-03T08:25:16.5295476Z   LD_LIBRARY_PATH: /opt/hostedtoolcache/Python/3.10.19/x64/lib
validate	Install dependencies if present	2026-01-03T08:25:16.5295766Z ##[endgroup]
validate	Install dependencies if present	2026-01-03T08:25:16.9784114Z Collecting pytest
validate	Install dependencies if present	2026-01-03T08:25:17.0641119Z   Downloading pytest-9.0.2-py3-none-any.whl.metadata (7.6 kB)
validate	Install dependencies if present	2026-01-03T08:25:17.0889531Z Collecting exceptiongroup>=1 (from pytest)
validate	Install dependencies if present	2026-01-03T08:25:17.1000163Z   Downloading exceptiongroup-1.3.1-py3-none-any.whl.metadata (6.7 kB)
validate	Install dependencies if present	2026-01-03T08:25:17.1190776Z Collecting iniconfig>=1.0.1 (from pytest)
validate	Install dependencies if present	2026-01-03T08:25:17.1296381Z   Downloading iniconfig-2.3.0-py3-none-any.whl.metadata (2.5 kB)
validate	Install dependencies if present	2026-01-03T08:25:17.1633842Z Collecting packaging>=22 (from pytest)
validate	Install dependencies if present	2026-01-03T08:25:17.1736946Z   Downloading packaging-25.0-py3-none-any.whl.metadata (3.3 kB)
validate	Install dependencies if present	2026-01-03T08:25:17.1944140Z Collecting pluggy<2,>=1.5 (from pytest)
validate	Install dependencies if present	2026-01-03T08:25:17.2046325Z   Downloading pluggy-1.6.0-py3-none-any.whl.metadata (4.8 kB)
validate	Install dependencies if present	2026-01-03T08:25:17.2350554Z Collecting pygments>=2.7.2 (from pytest)
validate	Install dependencies if present	2026-01-03T08:25:17.2453691Z   Downloading pygments-2.19.2-py3-none-any.whl.metadata (2.5 kB)
validate	Install dependencies if present	2026-01-03T08:25:17.2713628Z Collecting tomli>=1 (from pytest)
validate	Install dependencies if present	2026-01-03T08:25:17.2819703Z   Downloading tomli-2.3.0-py3-none-any.whl.metadata (10 kB)
validate	Install dependencies if present	2026-01-03T08:25:17.3115369Z Collecting typing-extensions>=4.6.0 (from exceptiongroup>=1->pytest)
validate	Install dependencies if present	2026-01-03T08:25:17.3220188Z   Downloading typing_extensions-4.15.0-py3-none-any.whl.metadata (3.3 kB)
validate	Install dependencies if present	2026-01-03T08:25:17.3364537Z Downloading pytest-9.0.2-py3-none-any.whl (374 kB)
validate	Install dependencies if present	2026-01-03T08:25:17.3791019Z Downloading pluggy-1.6.0-py3-none-any.whl (20 kB)
validate	Install dependencies if present	2026-01-03T08:25:17.3914027Z Downloading exceptiongroup-1.3.1-py3-none-any.whl (16 kB)
validate	Install dependencies if present	2026-01-03T08:25:17.4039485Z Downloading iniconfig-2.3.0-py3-none-any.whl (7.5 kB)
validate	Install dependencies if present	2026-01-03T08:25:17.4162045Z Downloading packaging-25.0-py3-none-any.whl (66 kB)
validate	Install dependencies if present	2026-01-03T08:25:17.4284236Z Downloading pygments-2.19.2-py3-none-any.whl (1.2 MB)
validate	Install dependencies if present	2026-01-03T08:25:17.4490275Z    ━━━━━━━━━━━━━━━━━━━━━━━━━━━━━━━━━━━━━━━━ 1.2/1.2 MB 55.9 MB/s  0:00:00
validate	Install dependencies if present	2026-01-03T08:25:17.4593274Z Downloading tomli-2.3.0-py3-none-any.whl (14 kB)
validate	Install dependencies if present	2026-01-03T08:25:17.4713540Z Downloading typing_extensions-4.15.0-py3-none-any.whl (44 kB)
validate	Install dependencies if present	2026-01-03T08:25:17.5080549Z Installing collected packages: typing-extensions, tomli, pygments, pluggy, packaging, iniconfig, exceptiongroup, pytest
validate	Install dependencies if present	2026-01-03T08:25:18.2717444Z 
validate	Install dependencies if present	2026-01-03T08:25:18.2735612Z Successfully installed exceptiongroup-1.3.1 iniconfig-2.3.0 packaging-25.0 pluggy-1.6.0 pygments-2.19.2 pytest-9.0.2 tomli-2.3.0 typing-extensions-4.15.0
validate	Validate transitions (preflight)	﻿2026-01-03T08:25:18.3205008Z ##[group]Run PYTHONPATH=./src python3 scripts/check_transitions.py
validate	Validate transitions (preflight)	2026-01-03T08:25:18.3205443Z [36;1mPYTHONPATH=./src python3 scripts/check_transitions.py[0m
validate	Validate transitions (preflight)	2026-01-03T08:25:18.3224934Z shell: /usr/bin/bash -e {0}
validate	Validate transitions (preflight)	2026-01-03T08:25:18.3225173Z env:
validate	Validate transitions (preflight)	2026-01-03T08:25:18.3225408Z   pythonLocation: /opt/hostedtoolcache/Python/3.10.19/x64
validate	Validate transitions (preflight)	2026-01-03T08:25:18.3225798Z   PKG_CONFIG_PATH: /opt/hostedtoolcache/Python/3.10.19/x64/lib/pkgconfig
validate	Validate transitions (preflight)	2026-01-03T08:25:18.3226173Z   Python_ROOT_DIR: /opt/hostedtoolcache/Python/3.10.19/x64
validate	Validate transitions (preflight)	2026-01-03T08:25:18.3226500Z   Python2_ROOT_DIR: /opt/hostedtoolcache/Python/3.10.19/x64
validate	Validate transitions (preflight)	2026-01-03T08:25:18.3226831Z   Python3_ROOT_DIR: /opt/hostedtoolcache/Python/3.10.19/x64
validate	Validate transitions (preflight)	2026-01-03T08:25:18.3227173Z   LD_LIBRARY_PATH: /opt/hostedtoolcache/Python/3.10.19/x64/lib
validate	Validate transitions (preflight)	2026-01-03T08:25:18.3227456Z ##[endgroup]
validate	Validate transitions (preflight)	2026-01-03T08:25:18.3423060Z WARN: Could not load schema: [Errno 2] No such file or directory: 'docs/context/schemas/layer_transition_schema.json'
validate	Validate transitions (preflight)	2026-01-03T08:25:18.3424081Z OK: No transition records found.
validate	Run tests	﻿2026-01-03T08:25:18.3469774Z ##[group]Run PYTHONPATH=./src pytest -q
validate	Run tests	2026-01-03T08:25:18.3470065Z [36;1mPYTHONPATH=./src pytest -q[0m
validate	Run tests	2026-01-03T08:25:18.3488089Z shell: /usr/bin/bash -e {0}
validate	Run tests	2026-01-03T08:25:18.3488391Z env:
validate	Run tests	2026-01-03T08:25:18.3488621Z   pythonLocation: /opt/hostedtoolcache/Python/3.10.19/x64
validate	Run tests	2026-01-03T08:25:18.3489015Z   PKG_CONFIG_PATH: /opt/hostedtoolcache/Python/3.10.19/x64/lib/pkgconfig
validate	Run tests	2026-01-03T08:25:18.3489390Z   Python_ROOT_DIR: /opt/hostedtoolcache/Python/3.10.19/x64
validate	Run tests	2026-01-03T08:25:18.3489714Z   Python2_ROOT_DIR: /opt/hostedtoolcache/Python/3.10.19/x64
validate	Run tests	2026-01-03T08:25:18.3490047Z   Python3_ROOT_DIR: /opt/hostedtoolcache/Python/3.10.19/x64
validate	Run tests	2026-01-03T08:25:18.3490516Z   LD_LIBRARY_PATH: /opt/hostedtoolcache/Python/3.10.19/x64/lib
validate	Run tests	2026-01-03T08:25:18.3491035Z ##[endgroup]
validate	Run tests	2026-01-03T08:25:18.9175092Z .........                                                                [100%]
validate	Run tests	2026-01-03T08:25:18.9175745Z =============================== warnings summary ===============================
validate	Run tests	2026-01-03T08:25:18.9176558Z tests/test_policy_constitution.py::test_policy_constitution_injection
validate	Run tests	2026-01-03T08:25:18.9177954Z   /opt/hostedtoolcache/Python/3.10.19/x64/lib/python3.10/site-packages/_pytest/python.py:170: PytestReturnNotNoneWarning: Test functions should return None, but tests/test_policy_constitution.py::test_policy_constitution_injection returned <class 'bool'>.
validate	Run tests	2026-01-03T08:25:18.9179180Z   Did you mean to use `assert` instead of `return`?
validate	Run tests	2026-01-03T08:25:18.9179638Z   See https://docs.pytest.org/en/stable/how-to/assert.html#return-not-none for more information.
validate	Run tests	2026-01-03T08:25:18.9180041Z     warnings.warn(
validate	Run tests	2026-01-03T08:25:18.9180415Z 
validate	Run tests	2026-01-03T08:25:18.9180592Z -- Docs: https://docs.pytest.org/en/stable/how-to/capture-warnings.html
validate	Run tests	2026-01-03T08:25:18.9180939Z 9 passed, 1 warning in 0.19s
validate	Post Setup Python	﻿2026-01-03T08:25:18.9466506Z Post job cleanup.
validate	Post Checkout	﻿2026-01-03T08:25:19.0985403Z Post job cleanup.
validate	Post Checkout	2026-01-03T08:25:19.1835377Z [command]/usr/bin/git version
validate	Post Checkout	2026-01-03T08:25:19.1866614Z git version 2.52.0
validate	Post Checkout	2026-01-03T08:25:19.1911638Z Temporarily overriding HOME='/home/runner/work/_temp/06aadd59-a580-41f6-a977-94b3e78879f1' before making global git config changes
validate	Post Checkout	2026-01-03T08:25:19.1912799Z Adding repository directory to the temporary git global config as a safe directory
validate	Post Checkout	2026-01-03T08:25:19.1917303Z [command]/usr/bin/git config --global --add safe.directory /home/runner/work/mithaly/mithaly
validate	Post Checkout	2026-01-03T08:25:19.1947131Z [command]/usr/bin/git config --local --name-only --get-regexp core\.sshCommand
validate	Post Checkout	2026-01-03T08:25:19.1974135Z [command]/usr/bin/git submodule foreach --recursive sh -c "git config --local --name-only --get-regexp 'core\.sshCommand' && git config --local --unset-all 'core.sshCommand' || :"
validate	Post Checkout	2026-01-03T08:25:19.2154236Z [command]/usr/bin/git config --local --name-only --get-regexp http\.https\:\/\/github\.com\/\.extraheader
validate	Post Checkout	2026-01-03T08:25:19.2170874Z http.https://github.com/.extraheader
validate	Post Checkout	2026-01-03T08:25:19.2182211Z [command]/usr/bin/git config --local --unset-all http.https://github.com/.extraheader
validate	Post Checkout	2026-01-03T08:25:19.2209577Z [command]/usr/bin/git submodule foreach --recursive sh -c "git config --local --name-only --get-regexp 'http\.https\:\/\/github\.com\/\.extraheader' && git config --local --unset-all 'http.https://github.com/.extraheader' || :"
validate	Post Checkout	2026-01-03T08:25:19.2397374Z [command]/usr/bin/git config --local --name-only --get-regexp ^includeIf\.gitdir:
validate	Post Checkout	2026-01-03T08:25:19.2425185Z [command]/usr/bin/git submodule foreach --recursive git config --local --show-origin --name-only --get-regexp remote.origin.url
validate	Complete job	﻿2026-01-03T08:25:19.2723165Z Cleaning up orphan processes
